// Jest Snapshot v1, https://goo.gl/fbAQLP

exports[`AnalyticsNoDataPageComponent renders correctly 1`] = `
<div
  css="You have tried to stringify object returned from \`css\` function. It isn't supposed to be used directly (e.g. as value of the \`className\` prop), but rather handed to emotion so it can handle it (e.g. as value of \`css\` prop)."
>
  <span
    aria-label="Loading"
    class="euiLoadingSpinner css-155ohbx-euiLoadingSpinner-m"
    role="progressbar"
  />
</div>
`;
